/*---------------------------------------------------------------------------*\
  =========                 |
  \\      /  F ield         | OpenFOAM: The Open Source CFD Toolbox
   \\    /   O peration     | Website:  https://openfoam.org
    \\  /    A nd           | Version:  10
     \\/     M anipulation  |
\*---------------------------------------------------------------------------*/
Build  : 10-c4cf895ad8fa
Exec   : pimpleFoam -postProcess -case /tmp/phase1c7a_release_force.AH2Uqd/replay2 -time 30
Date   : Sep 23 2026
Time   : 11:54:43
Host   : "DESKTOP-NR4V0NP"
PID    : 65982
I/O    : uncollated
Case   : /tmp/phase1c7a_release_force.AH2Uqd/replay2
nProcs : 1
sigFpe : Enabling floating point exception trapping (FOAM_SIGFPE).
fileModificationChecking : Monitoring run-time modified files using timeStampMaster (fileModificationSkew 10)
allowSystemOperations : Allowing user-supplied system call operations

// * * * * * * * * * * * * * * * * * * * * * * * * * * * * * * * * * * * * * //
Create time

Create mesh for time = 30

Selecting fvMeshMover motionSolver
Selecting motion solver: displacementLaplacian
Selecting motion diffusion: quadratic
Selecting motion diffusion: inverseDistance

PIMPLE: No convergence criteria found


PIMPLE: No corrector convergence criteria found
        Calculations will do 3 corrections


PIMPLE: Operating solver in transient mode with 3 outer correctors


Time = 30s
Reading field p

Reading field U

Reading/calculating face flux field phi

Selecting viscosity model constant
Selecting turbulence model type RAS
Selecting RAS turbulence model kOmegaSST
Selecting patchDistMethod meshWave
RAS
{
    model           kOmegaSST;
    turbulence      on;
    printCoeffs     on;
    alphaK1         0.85;
    alphaK2         1;
    alphaOmega1     0.5;
    alphaOmega2     0.856;
    gamma1          0.5555555556;
    gamma2          0.44;
    beta1           0.075;
    beta2           0.0828;
    betaStar        0.09;
    a1              0.31;
    b1              1;
    c1              10;
    F3              false;
}

No MRF models present

No fvModels present
No fvConstraints present
forces cylinderForces:
    Not including porosity effects
forces cylinderForces write:
    sum of forces:
        pressure : (0.06381182377 0.05810672851 -2.753291492e-21)
        viscous  : (0.001715216887 0.0006231456235 3.090879763e-22)
        porous   : (0 0 0)
    sum of moments:
        pressure : (-0.0008134941992 0.0008933655327 9.84148821e-17)
        viscous  : (-8.72403873e-06 2.401303642e-05 -2.400546007e-06)
        porous   : (0 0 0)


End

