{
  "audit": "HH06_STRUCTURE_0000_WRAPPER_CONTRACT_AUDIT_V1",
  "status": "PASS",
  "blocking_checks": [],
  "checks": {
    "status_is_dry_run": true,
    "participants": true,
    "parallel_implicit": true,
    "hh06_geometry": true,
    "q0_dimension_and_finite": true,
    "one_structure_point": true,
    "no_legacy_604_vertex": true,
    "single_slice_mapping": true,
    "absolute_displacement_declared": true,
    "resultant_mapping_declared": true,
    "tension_quantities_distinct": true,
    "precice_xml_parse": true,
    "physical_release_force_provenance": true,
    "precice_max_iterations_present": true,
    "force_initial_data_exchange": true,
    "hydrodynamic_wire_extension": true
  },
  "case_dir": "/home/machao/projects/CFD_ANCF_VIV_V2/evidence/phase1h8_iqn_history/run-20260923T123908Z-02d9a1f-pid143932/max-used-iterations-2/iqn_ils/case",
  "case_id": "ANCF_SINGLE_SLICE_HIGHRE_0P2S_PREP_V1",
  "participants": {
    "fluid": "Fluid_0000",
    "structure": "Structure_0000"
  },
  "model": {
    "length_m": 13.12,
    "diameter_m": 0.028,
    "elements": 32,
    "nodes": 33,
    "dof": 198
  },
  "mapping": {
    "mode": "single_slice_resultant_force",
    "structure_points": 1,
    "s_ref_m": 2.97,
    "deltaL_m": 1.98,
    "fluid_faces_external_only": true
  },
  "tension": {
    "benchmark_top_tension_N": 1175.0,
    "equilibrium_reaction_tension_N": 1188.28
  },
  "q0": {
    "artifact": "/mnt/d/CFD/CFD_ANCF_VIV_reentry_runtime/HH06_P1_WET_MODAL_STRUCTURAL_GATE/ancf_static.raw",
    "sha256": "b298979244f67e23d02a63566e718ccb1f8897570c12b0aab98f7cbbf6577091",
    "count": 198,
    "q_sha256": "e1ba7fc759244d8e0ef884f256980c6bd815c64932b0318fd021395815b1a9f0",
    "velocity_zero": true
  },
  "wire_capability": {
    "SHM1_hydrodynamic_regions": true,
    "note": "Current checked-out protocol must expose SHM1 before a wet-mass runtime is authorized."
  },
  "iteration_cap": {
    "contract_json": 20,
    "precice_xml": 20,
    "values_match": true
  },
  "release_force": {
    "Fx0_raw_N": 0.0655270406544,
    "Fy0_raw_N": 0.05872987413554,
    "source_global_time_s": 30.0,
    "provenance": {
      "classification": "RELEASE_FORCE_RECOVERED_REPRODUCIBLY",
      "restart_case_id": "ANCF_SINGLE_SLICE_HIGHRE_0P2S_PREP_V1",
      "restart_source_path": "cases/hh06_single_slice/30/",
      "restart_time_directory": "30",
      "restart_global_time_s": 30.0,
      "restart_time_index": 150000,
      "patch": "cylinder",
      "component_semantics": "raw dimensional patch-integrated pressure plus viscous force",
      "raw_force_units": "N",
      "Fz0_measured_N": -2.44420351566e-21,
      "result_json": "../../evidence/phase1c7a_release_force/release_force_result.json",
      "result_json_sha256": "6b272f695ebefe28daa176723483f611c42f8d25dbae8d83de928f3790811b8a",
      "provenance_json": "../../evidence/phase1c7a_release_force/provenance.json",
      "provenance_json_sha256": "1df1d2ca0876372874b1e6ac0eca2296e2f3ab8f8900e0b3903b53f2566e72d2",
      "recovery_report": "../../docs/PHASE1C7A_RELEASE_FORCE_RECOVERY_REPORT.md",
      "recovery_report_sha256": "6737908b9b29f4ff8550ba4353ff88ad90ad5cfc1355a57a885d655f7d3d7b3b",
      "initial_data_comparison_tolerance_N": 5e-13,
      "force_unit_conversion": "applied once by ForceSample: F_strip=(F_raw/0.028)*1.98"
    }
  },
  "no_runtime_started": true
}
(0) 20:39:58 [impl::ParticipantImpl]:185 in configure: [0mThis is preCICE version 3.4.1
(0) 20:39:58 [impl::ParticipantImpl]:186 in configure: [0mRevision info: no-info [git failed to run]
(0) 20:39:58 [impl::ParticipantImpl]:205 in configure: [0mBuild type: Release (without debug log)
(0) 20:39:58 [impl::ParticipantImpl]:207 in configure: [0mWorking directory "/home/machao/projects/CFD_ANCF_VIV_V2/evidence/phase1h8_iqn_history/run-20260923T123908Z-02d9a1f-pid143932/max-used-iterations-2/iqn_ils/case"
(0) 20:39:58 [impl::ParticipantImpl]:211 in configure: [0mConfiguring preCICE with configuration "/home/machao/projects/CFD_ANCF_VIV_V2/evidence/phase1h8_iqn_history/run-20260923T123908Z-02d9a1f-pid143932/max-used-iterations-2/iqn_ils/case/precice-config.xml"
(0) 20:39:58 [impl::ParticipantImpl]:212 in configure: [0mI am participant "Structure_0000"
(0) 20:39:58 [impl::ParticipantImpl]:335 in setupCommunication: [0mSetting up primary communication to coupling partner/s
(0) 20:39:58 [impl::ParticipantImpl]:351 in setupCommunication: [0mPrimary ranks are connected
(0) 20:39:58 [impl::ParticipantImpl]:357 in setupCommunication: [0mSetting up preliminary secondary communication to coupling partner/s
(0) 20:39:58 [partition::ProvidedPartition]:120 in prepare: [0mPrepare partition for mesh Structure-Mesh
(0) 20:39:58 [partition::ProvidedPartition]:87 in communicate: [0mGather mesh Structure-Mesh
(0) 20:39:58 [partition::ProvidedPartition]:104 in communicate: [0mSend global mesh Structure-Mesh
(0) 20:39:58 [impl::ParticipantImpl]:366 in setupCommunication: [0mSetting up secondary communication to coupling partner/s
(0) 20:39:58 [impl::ParticipantImpl]:373 in setupCommunication: [0mSecondary ranks are connected
(0) 20:39:58 [impl::ParticipantImpl]:298 in initialize: [0mit 1 (min: 2, max: 20), time-window 1 (max: 2), t 0, Dt 0.0002, max-dt 0.0002
(0) 20:39:59 [impl::ParticipantImpl]:457 in advance: [0mit 2 (min: 2, max: 20), time-window 1 (max: 2), t 0, Dt 0.0002, max-dt 0.0002
(0) 20:39:59 [impl::ParticipantImpl]:457 in advance: [0mit 3 (min: 2, max: 20), time-window 1 (max: 2), t 0, Dt 0.0002, max-dt 0.0002
(0) 20:40:00 [cplscheme::BaseCouplingScheme]:391 in secondExchange: [0mTime window completed
(0) 20:40:00 [impl::ParticipantImpl]:457 in advance: [0mit 1 (min: 2, max: 20), time-window 2 (max: 2), t 0.0002, Dt 0.0002, max-dt 0.0002
(0) 20:40:02 [impl::ParticipantImpl]:457 in advance: [0mit 2 (min: 2, max: 20), time-window 2 (max: 2), t 0.0002, Dt 0.0002, max-dt 0.0002
(0) 20:40:03 [impl::ParticipantImpl]:457 in advance: [0mit 3 (min: 2, max: 20), time-window 2 (max: 2), t 0.0002, Dt 0.0002, max-dt 0.0002
(0) 20:40:04 [impl::ParticipantImpl]:457 in advance: [0mit 4 (min: 2, max: 20), time-window 2 (max: 2), t 0.0002, Dt 0.0002, max-dt 0.0002
(0) 20:40:05 [impl::ParticipantImpl]:457 in advance: [0mit 5 (min: 2, max: 20), time-window 2 (max: 2), t 0.0002, Dt 0.0002, max-dt 0.0002
(0) 20:40:06 [cplscheme::BaseCouplingScheme]:391 in secondExchange: [0mTime window completed
(0) 20:40:06 [impl::ParticipantImpl]:457 in advance: [0mReached end at: final time-window: 2, final time: 0.0004
(0) 20:40:06 [impl::ParticipantImpl]:1832 in closeCommunicationChannels: [0mClose communication channels
{
  "status": "PASS",
  "accepted_windows": 2,
  "records": [
    {
      "accepted_window": 1,
      "time_s": 30.0002,
      "force_N": [
        0.06440713207168003,
        0.05908675094604829,
        0.0
      ],
      "returned_force_N": [
        0.06440713207168003,
        0.05908675094604829,
        0.0
      ],
      "motion_m": [
        1.0452091616563741e-07,
        9.588691723237472e-08,
        0.0004163871573314992
      ],
      "written_motion_m": [
        1.0452091616563741e-07,
        9.588691723237472e-08
      ],
      "convergence_status": "accepted_by_precice_before_iteration_limit",
      "iterations": 3,
      "residual": 7.826941494926132e-08,
      "q_sha256": "9d4fd911862d03947560fa83e6c707f6ad1204dd3250c757703ca9ec2824c8ed",
      "qdot_sha256": "c81a4004bdda3604df296460613d10d76e3ba583a7a2ba44ee92e94cfcf600cb",
      "qddot_sha256": "6fcd2987308c1e6c1804611a8d74ad9fa5f75a7eed78b24335088572f19cf917",
      "sequence": 3,
      "request_id": 910003,
      "transaction_id": 1910003,
      "physical_identity": {
        "global_step": 1,
        "bridge_step": 1,
        "integer_tick": 200000,
        "time_s": 0.0002,
        "dt_s": 0.0002
      }
    },
    {
      "accepted_window": 2,
      "time_s": 30.0004,
      "force_N": [
        0.0657855247642749,
        0.05916241674191073,
        0.0
      ],
      "returned_force_N": [
        0.0657855247642749,
        0.05916241674191073,
        0.0
      ],
      "motion_m": [
        5.234410146967068e-07,
        4.782726184474148e-07,
        0.0004163880479186588
      ],
      "written_motion_m": [
        5.234410146967068e-07,
        4.782726184474148e-07
      ],
      "convergence_status": "accepted_by_precice_before_iteration_limit",
      "iterations": 3,
      "residual": 9.32296835287616e-08,
      "q_sha256": "3a39e9e527d42b1093b6b17161b5872a9e484d9d83739f2a2406d6f7f2896bf6",
      "qdot_sha256": "db6892d1f0f16c43a54746ac078d912e8f0997447194dc35c3279d036d52be21",
      "qddot_sha256": "95ac8b9468a29d358084d2520b186c6ecb141af8e5e07db37a2740110f1aba71",
      "sequence": 8,
      "request_id": 910008,
      "transaction_id": 1910008,
      "physical_identity": {
        "global_step": 2,
        "bridge_step": 2,
        "integer_tick": 400000,
        "time_s": 0.0004,
        "dt_s": 0.0002
      }
    }
  ],
  "attempt_trace": [
    {
      "case_id": "ANCF_SINGLE_SLICE_HIGHRE_0P2S_PREP_V1",
      "window_index": 1,
      "iteration_index": 1,
      "sequence": 1,
      "request_id": 910001,
      "transaction_id": 1910001,
      "transport_ids": {
        "sequence": 1,
        "request_id": 910001,
        "transaction_id": 1910001
      },
      "physical_identity": {
        "global_step": 1,
        "bridge_step": 1,
        "integer_tick": 200000,
        "time_s": 0.0002,
        "dt_s": 0.0002
      },
      "physical_time_s": 30.0002,
      "case_local_time_s": 0.0002,
      "force_source_global_time_s": 30.0,
      "force_source_kind": "HH06_PHYSICAL_RELEASE_FORCE",
      "force_input_source_global_time_s": 30.0,
      "force_input_read_offset_s": 0.0,
      "force_input_source_kind": "HH06_PHYSICAL_RELEASE_FORCE",
      "force_input_vector_raw_N": [
        0.06552704065480554,
        0.058729874135090385,
        0.0
      ],
      "force_input_window_index": 1,
      "force_input_iteration_index": 1,
      "returned_force_source_global_time_s": 30.0002,
      "returned_force_source_kind": "CURRENT_WINDOW_ENDPOINT_RETRY_ITERATE",
      "force_source_time_global_s": 30.0002,
      "force_read_time_s": 0.0002,
      "force_read_offset_s": 0.0002,
      "force_read_source_global_time_s": 30.0002,
      "force_read_source_kind": "CURRENT_WINDOW_ENDPOINT_RETRY_ITERATE",
      "force_source_vector_raw_N": [
        0.06530305893818045,
        0.05880124949728197,
        0.0
      ],
      "force_read_vector_raw_N": [
        0.06530305893818045,
        0.05880124949728197,
        0.0
      ],
      "force_read_window_index": 1,
      "force_read_iteration_index": 1,
      "window_target_global_time_s": 30.0002,
      "dt_s": 0.0002,
      "D_previous_committed_m": [
        0.0,
        0.0,
        0.00041638693468337706
      ],
      "D_trial_from_ancf_m": [
        1.0633832158899472e-07,
        9.530777187937023e-08,
        0.0004163871573314992
      ],
      "D_trial_interface_m": [
        1.0633832158899472e-07,
        9.530777187937023e-08
      ],
      "D_written_to_precice_m": [
        1.0633832158899472e-07,
        9.530777187937023e-08
      ],
      "written_motion_vector_m": [
        [
          1.0633832158899472e-07,
          9.530777187937023e-08
        ]
      ],
      "force_input_raw_N": [
        0.06552704065480554,
        0.058729874135090385,
        0.0
      ],
      "force_input_applied_N": [
        4.633697874875534,
        4.15304109955282,
        0.0
      ],
      "Fx_raw_N": 0.06552704065480554,
      "Fy_raw_N": 0.058729874135090385,
      "Fz_raw_N": 0.0,
      "Fx_section_Npm": 2.3402514519573407,
      "Fy_section_Npm": 2.0974955048246566,
      "Fx_applied_N": 4.633697874875534,
      "Fy_applied_N": 4.15304109955282,
      "Fz_applied_N": 0.0,
      "returned_force_raw_N": [
        0.06530305893818045,
        0.05880124949728197,
        0.0
      ],
      "returned_force_applied_N": [
        4.617859167771331,
        4.158088357307796,
        0.0
      ],
      "Fx_returned_raw_N": 0.06530305893818045,
      "Fy_returned_raw_N": 0.05880124949728197,
      "force_residual_raw_N": 0.00023507924559667696,
      "force_residual_applied_N": 0.016623460938622155,
      "trial_displacement_residual_m": 1.4279849445626007e-07,
      "written_motion_delta_m": null,
      "checkpoint_request": true,
      "checkpoint_created": true,
      "rollback_request": true,
      "commit_status": "rolled_back",
      "iteration_events": [
        "physical_checkpoint_created",
        "force_iterate_submitted_to_ancf",
        "ancf_trial_solved_and_scattered",
        "trial_displacement_written_to_precice",
        "precice_advance_completed",
        "requires_reading_checkpoint_true",
        "force_read_at_retry_endpoint_dt",
        "physical_state_rolled_back_trial_retained_as_history"
      ],
      "time_window_complete": false,
      "convergence_status": "retry_required",
      "precice_max_iterations": 20,
      "ancf_newton_iterations": 3,
      "ancf_residual": 7.826941494926132e-08,
      "q_state_hash": "d35c52d0ab3a3bf2739d730471f06749f83f36dcc7c25e3abb843b5086a45e9b",
      "qdot_state_hash": "19ccb15a7034dc03a057172882dbd09680e872761d544dfc8149324b8e1f0179",
      "qddot_state_hash": "01edb00c566cc9f356f1b55704e7ab8c6ffba2fed79c338332bfc6c0eceba6cc"
    },
    {
      "case_id": "ANCF_SINGLE_SLICE_HIGHRE_0P2S_PREP_V1",
      "window_index": 1,
      "iteration_index": 2,
      "sequence": 2,
      "request_id": 910002,
      "transaction_id": 1910002,
      "transport_ids": {
        "sequence": 2,
        "request_id": 910002,
        "transaction_id": 1910002
      },
      "physical_identity": {
        "global_step": 1,
        "bridge_step": 1,
        "integer_tick": 200000,
        "time_s": 0.0002,
        "dt_s": 0.0002
      },
      "physical_time_s": 30.0002,
      "case_local_time_s": 0.0002,
      "force_source_global_time_s": 30.0002,
      "force_source_kind": "PRECEDING_PRECICE_ADVANCE_ITERATE",
      "force_input_source_global_time_s": 30.0002,
      "force_input_read_offset_s": 0.0002,
      "force_input_source_kind": "PRECEDING_PRECICE_ADVANCE_ITERATE",
      "force_input_vector_raw_N": [
        0.06530305893818045,
        0.05880124949728197,
        0.0
      ],
      "force_input_window_index": 1,
      "force_input_iteration_index": 2,
      "returned_force_source_global_time_s": 30.0002,
      "returned_force_source_kind": "CURRENT_WINDOW_ENDPOINT_RETRY_ITERATE",
      "force_source_time_global_s": 30.0002,
      "force_read_time_s": 0.0002,
      "force_read_offset_s": 0.0002,
      "force_read_source_global_time_s": 30.0002,
      "force_read_source_kind": "CURRENT_WINDOW_ENDPOINT_RETRY_ITERATE",
      "force_source_vector_raw_N": [
        0.06440713207168003,
        0.05908675094604829,
        0.0
      ],
      "force_read_vector_raw_N": [
        0.06440713207168003,
        0.05908675094604829,
        0.0
      ],
      "force_read_window_index": 1,
      "force_read_iteration_index": 2,
      "window_target_global_time_s": 30.0002,
      "dt_s": 0.0002,
      "D_previous_committed_m": [
        0.0,
        0.0,
        0.00041638693468337706
      ],
      "D_trial_from_ancf_m": [
        1.059748405043233e-07,
        9.542360094997115e-08,
        0.0004163871573314992
      ],
      "D_trial_interface_m": [
        1.059748405043233e-07,
        9.542360094997115e-08
      ],
      "D_written_to_precice_m": [
        1.059748405043233e-07,
        9.542360094997115e-08
      ],
      "written_motion_vector_m": [
        [
          1.059748405043233e-07,
          9.542360094997115e-08
        ]
      ],
      "force_input_raw_N": [
        0.06530305893818045,
        0.05880124949728197,
        0.0
      ],
      "force_input_applied_N": [
        4.617859167771331,
        4.158088357307797,
        0.0
      ],
      "Fx_raw_N": 0.06530305893818045,
      "Fy_raw_N": 0.05880124949728197,
      "Fz_raw_N": 0.0,
      "Fx_section_Npm": 2.332252104935016,
      "Fy_section_Npm": 2.1000446249029276,
      "Fx_applied_N": 4.617859167771331,
      "Fy_applied_N": 4.158088357307797,
      "Fz_applied_N": 0.0,
      "returned_force_raw_N": [
        0.06440713207168003,
        0.05908675094604829,
        0.0
      ],
      "returned_force_applied_N": [
        4.554504339354516,
        4.1782773883277,
        0.0
      ],
      "Fx_returned_raw_N": 0.06440713207168003,
      "Fy_returned_raw_N": 0.05908675094604829,
      "force_residual_raw_N": 0.0009403169823867501,
      "force_residual_applied_N": 0.0664938437544916,
      "trial_displacement_residual_m": 3.81490330821358e-10,
      "written_motion_delta_m": 3.81490330821358e-10,
      "checkpoint_request": false,
      "checkpoint_created": false,
      "rollback_request": true,
      "commit_status": "rolled_back",
      "iteration_events": [
        "force_iterate_submitted_to_ancf",
        "ancf_trial_solved_and_scattered",
        "trial_displacement_written_to_precice",
        "precice_advance_completed",
        "requires_reading_checkpoint_true",
        "force_read_at_retry_endpoint_dt",
        "physical_state_rolled_back_trial_retained_as_history"
      ],
      "time_window_complete": false,
      "convergence_status": "retry_required",
      "precice_max_iterations": 20,
      "ancf_newton_iterations": 3,
      "ancf_residual": 7.826941494926132e-08,
      "q_state_hash": "6c17f343084d967f76d228440d3101cace0daac08668be2e52d7023bbcf77462",
      "qdot_state_hash": "82e24d918551927677016bcbe7ee3a0d7b2b489b0d12b5b25c0f008942c7b2b4",
      "qddot_state_hash": "cae8ca16dbb9f396f8e9728ec4094f235d28316c492344cb522f37a97837be21"
    },
    {
      "case_id": "ANCF_SINGLE_SLICE_HIGHRE_0P2S_PREP_V1",
      "window_index": 1,
      "iteration_index": 3,
      "sequence": 3,
      "request_id": 910003,
      "transaction_id": 1910003,
      "transport_ids": {
        "sequence": 3,
        "request_id": 910003,
        "transaction_id": 1910003
      },
      "physical_identity": {
        "global_step": 1,
        "bridge_step": 1,
        "integer_tick": 200000,
        "time_s": 0.0002,
        "dt_s": 0.0002
      },
      "physical_time_s": 30.0002,
      "case_local_time_s": 0.0002,
      "force_source_global_time_s": 30.0002,
      "force_source_kind": "PRECEDING_PRECICE_ADVANCE_ITERATE",
      "force_input_source_global_time_s": 30.0002,
      "force_input_read_offset_s": 0.0002,
      "force_input_source_kind": "PRECEDING_PRECICE_ADVANCE_ITERATE",
      "force_input_vector_raw_N": [
        0.06440713207168003,
        0.05908675094604829,
        0.0
      ],
      "force_input_window_index": 1,
      "force_input_iteration_index": 3,
      "returned_force_source_global_time_s": 30.0002,
      "returned_force_source_kind": "ACCEPTED_WINDOW_BOUNDARY_FORCE",
      "force_source_time_global_s": 30.0002,
      "force_read_time_s": 0.0,
      "force_read_offset_s": 0.0,
      "force_read_source_global_time_s": 30.0002,
      "force_read_source_kind": "ACCEPTED_WINDOW_BOUNDARY_FORCE",
      "force_source_vector_raw_N": [
        0.06440713207168003,
        0.05908675094604829,
        0.0
      ],
      "force_read_vector_raw_N": [
        0.06440713207168003,
        0.05908675094604829,
        0.0
      ],
      "force_read_window_index": 1,
      "force_read_iteration_index": 3,
      "window_target_global_time_s": 30.0002,
      "dt_s": 0.0002,
      "D_previous_committed_m": [
        0.0,
        0.0,
        0.00041638693468337706
      ],
      "D_trial_from_ancf_m": [
        1.0452091616563741e-07,
        9.588691723237472e-08,
        0.0004163871573314992
      ],
      "D_trial_interface_m": [
        1.0452091616563741e-07,
        9.588691723237472e-08
      ],
      "D_written_to_precice_m": [
        1.0452091616563741e-07,
        9.588691723237472e-08
      ],
      "written_motion_vector_m": [
        [
          1.0452091616563741e-07,
          9.588691723237472e-08
        ]
      ],
      "force_input_raw_N": [
        0.06440713207168003,
        0.05908675094604829,
        0.0
      ],
      "force_input_applied_N": [
        4.554504339354517,
        4.1782773883277,
        0.0
      ],
      "Fx_raw_N": 0.06440713207168003,
      "Fy_raw_N": 0.05908675094604829,
      "Fz_raw_N": 0.0,
      "Fx_section_Npm": 2.3002547168457155,
      "Fy_section_Npm": 2.1102411052160104,
      "Fx_applied_N": 4.554504339354517,
      "Fy_applied_N": 4.1782773883277,
      "Fz_applied_N": 0.0,
      "returned_force_raw_N": [
        0.06440713207168003,
        0.05908675094604829,
        0.0
      ],
      "returned_force_applied_N": [
        4.554504339354516,
        4.1782773883277,
        0.0
      ],
      "Fx_returned_raw_N": 0.06440713207168003,
      "Fy_returned_raw_N": 0.05908675094604829,
      "force_residual_raw_N": 0.0,
      "force_residual_applied_N": 0.0,
      "trial_displacement_residual_m": 1.5259613232855683e-09,
      "written_motion_delta_m": 1.5259613232855683e-09,
      "checkpoint_request": false,
      "checkpoint_created": false,
      "rollback_request": false,
      "commit_status": "committed",
      "iteration_events": [
        "force_iterate_submitted_to_ancf",
        "ancf_trial_solved_and_scattered",
        "trial_displacement_written_to_precice",
        "precice_advance_completed",
        "requires_reading_checkpoint_false",
        "force_read_at_accepted_window_start_zero",
        "accepted_trial_committed"
      ],
      "time_window_complete": true,
      "convergence_status": "accepted_by_precice_before_iteration_limit",
      "precice_max_iterations": 20,
      "ancf_newton_iterations": 3,
      "ancf_residual": 7.826941494926132e-08,
      "q_state_hash": "9d4fd911862d03947560fa83e6c707f6ad1204dd3250c757703ca9ec2824c8ed",
      "qdot_state_hash": "c81a4004bdda3604df296460613d10d76e3ba583a7a2ba44ee92e94cfcf600cb",
      "qddot_state_hash": "6fcd2987308c1e6c1804611a8d74ad9fa5f75a7eed78b24335088572f19cf917"
    },
    {
      "case_id": "ANCF_SINGLE_SLICE_HIGHRE_0P2S_PREP_V1",
      "window_index": 2,
      "iteration_index": 1,
      "sequence": 4,
      "request_id": 910004,
      "transaction_id": 1910004,
      "transport_ids": {
        "sequence": 4,
        "request_id": 910004,
        "transaction_id": 1910004
      },
      "physical_identity": {
        "global_step": 2,
        "bridge_step": 2,
        "integer_tick": 400000,
        "time_s": 0.0004,
        "dt_s": 0.0002
      },
      "physical_time_s": 30.0004,
      "case_local_time_s": 0.0004,
      "force_source_global_time_s": 30.0002,
      "force_source_kind": "PRECEDING_ACCEPTED_PRECICE_EXCHANGE",
      "force_input_source_global_time_s": 30.0002,
      "force_input_read_offset_s": 0.0,
      "force_input_source_kind": "PRECEDING_ACCEPTED_PRECICE_EXCHANGE",
      "force_input_vector_raw_N": [
        0.06440713207168003,
        0.05908675094604829,
        0.0
      ],
      "force_input_window_index": 2,
      "force_input_iteration_index": 1,
      "returned_force_source_global_time_s": 30.0004,
      "returned_force_source_kind": "CURRENT_WINDOW_ENDPOINT_RETRY_ITERATE",
      "force_source_time_global_s": 30.0004,
      "force_read_time_s": 0.0002,
      "force_read_offset_s": 0.0002,
      "force_read_source_global_time_s": 30.0004,
      "force_read_source_kind": "CURRENT_WINDOW_ENDPOINT_RETRY_ITERATE",
      "force_source_vector_raw_N": [
        0.044058287691421484,
        0.0401583495090182,
        0.0
      ],
      "force_read_vector_raw_N": [
        0.044058287691421484,
        0.0401583495090182,
        0.0
      ],
      "force_read_window_index": 2,
      "force_read_iteration_index": 1,
      "window_target_global_time_s": 30.0004,
      "dt_s": 0.0002,
      "D_previous_committed_m": [
        1.0452091616563741e-07,
        9.588691723237472e-08,
        0.0004163871573314992
      ],
      "D_trial_from_ancf_m": [
        5.21204137158057e-07,
        4.781498267930066e-07,
        0.0004163880479182147
      ],
      "D_trial_interface_m": [
        5.21204137158057e-07,
        4.781498267930066e-07
      ],
      "D_written_to_precice_m": [
        5.21204137158057e-07,
        4.781498267930066e-07
      ],
      "written_motion_vector_m": [
        [
          5.21204137158057e-07,
          4.781498267930066e-07
        ]
      ],
      "force_input_raw_N": [
        0.06440713207168003,
        0.05908675094604829,
        0.0
      ],
      "force_input_applied_N": [
        4.554504339354517,
        4.1782773883277,
        0.0
      ],
      "Fx_raw_N": 0.06440713207168003,
      "Fy_raw_N": 0.05908675094604829,
      "Fz_raw_N": 0.0,
      "Fx_section_Npm": 2.3002547168457155,
      "Fy_section_Npm": 2.1102411052160104,
      "Fx_applied_N": 4.554504339354517,
      "Fy_applied_N": 4.1782773883277,
      "Fz_applied_N": 0.0,
      "returned_force_raw_N": [
        0.044058287691421484,
        0.0401583495090182,
        0.0
      ],
      "returned_force_applied_N": [
        3.1155503438933763,
        2.839769000994858,
        0.0
      ],
      "Fx_returned_raw_N": 0.044058287691421484,
      "Fy_returned_raw_N": 0.0401583495090182,
      "force_residual_raw_N": 0.027791362841237968,
      "force_residual_applied_N": 1.9652463723446847,
      "trial_displacement_residual_m": 5.654642682631479e-07,
      "written_motion_delta_m": null,
      "checkpoint_request": true,
      "checkpoint_created": true,
      "rollback_request": true,
      "commit_status": "rolled_back",
      "iteration_events": [
        "physical_checkpoint_created",
        "force_iterate_submitted_to_ancf",
        "ancf_trial_solved_and_scattered",
        "trial_displacement_written_to_precice",
        "precice_advance_completed",
        "requires_reading_checkpoint_true",
        "force_read_at_retry_endpoint_dt",
        "physical_state_rolled_back_trial_retained_as_history"
      ],
      "time_window_complete": false,
      "convergence_status": "retry_required",
      "precice_max_iterations": 20,
      "ancf_newton_iterations": 3,
      "ancf_residual": 9.32296835287616e-08,
      "q_state_hash": "be9275f14739acbfea1d60a805c1b09d68d5ee0d7261725264692975c702ffed",
      "qdot_state_hash": "b46415451e614495907c871be3d5476df87a945fa7cfa4f0c568fa2921115d03",
      "qddot_state_hash": "4dfb4993561fa8fcb58d287a67780ef9f7fdeb00a5d6bb9459eeaa234035a698"
    },
    {
      "case_id": "ANCF_SINGLE_SLICE_HIGHRE_0P2S_PREP_V1",
      "window_index": 2,
      "iteration_index": 2,
      "sequence": 5,
      "request_id": 910005,
      "transaction_id": 1910005,
      "transport_ids": {
        "sequence": 5,
        "request_id": 910005,
        "transaction_id": 1910005
      },
      "physical_identity": {
        "global_step": 2,
        "bridge_step": 2,
        "integer_tick": 400000,
        "time_s": 0.0004,
        "dt_s": 0.0002
      },
      "physical_time_s": 30.0004,
      "case_local_time_s": 0.0004,
      "force_source_global_time_s": 30.0004,
      "force_source_kind": "PRECEDING_PRECICE_ADVANCE_ITERATE",
      "force_input_source_global_time_s": 30.0004,
      "force_input_read_offset_s": 0.0002,
      "force_input_source_kind": "PRECEDING_PRECICE_ADVANCE_ITERATE",
      "force_input_vector_raw_N": [
        0.044058287691421484,
        0.0401583495090182,
        0.0
      ],
      "force_input_window_index": 2,
      "force_input_iteration_index": 2,
      "returned_force_source_global_time_s": 30.0004,
      "returned_force_source_kind": "CURRENT_WINDOW_ENDPOINT_RETRY_ITERATE",
      "force_source_time_global_s": 30.0004,
      "force_read_time_s": 0.0002,
      "force_read_offset_s": 0.0002,
      "force_read_source_global_time_s": 30.0004,
      "force_read_source_kind": "CURRENT_WINDOW_ENDPOINT_RETRY_ITERATE",
      "force_source_vector_raw_N": [
        0.047550810384733785,
        0.042413910894717785,
        0.0
      ],
      "force_read_vector_raw_N": [
        0.047550810384733785,
        0.042413910894717785,
        0.0
      ],
      "force_read_window_index": 2,
      "force_read_iteration_index": 2,
      "window_target_global_time_s": 30.0004,
      "dt_s": 0.0002,
      "D_previous_committed_m": [
        1.0452091616563741e-07,
        9.588691723237472e-08,
        0.0004163871573314992
      ],
      "D_trial_from_ancf_m": [
        4.881817095323321e-07,
        4.4743251652000957e-07,
        0.0004163880479191029
      ],
      "D_trial_interface_m": [
        4.881817095323321e-07,
        4.4743251652000957e-07
      ],
      "D_written_to_precice_m": [
        4.881817095323321e-07,
        4.4743251652000957e-07
      ],
      "written_motion_vector_m": [
        [
          4.881817095323321e-07,
          4.4743251652000957e-07
        ]
      ],
      "force_input_raw_N": [
        0.044058287691421484,
        0.0401583495090182,
        0.0
      ],
      "force_input_applied_N": [
        3.1155503438933763,
        2.8397690009948584,
        0.0
      ],
      "Fx_raw_N": 0.044058287691421484,
      "Fy_raw_N": 0.0401583495090182,
      "Fz_raw_N": 0.0,
      "Fx_section_Npm": 1.5735102746936245,
      "Fy_section_Npm": 1.4342267681792213,
      "Fx_applied_N": 3.1155503438933763,
      "Fy_applied_N": 2.8397690009948584,
      "Fz_applied_N": 0.0,
      "returned_force_raw_N": [
        0.047550810384733785,
        0.042413910894717785,
        0.0
      ],
      "returned_force_applied_N": [
        3.362521591491889,
        2.999269413269329,
        0.0
      ],
      "Fx_returned_raw_N": 0.047550810384733785,
      "Fy_returned_raw_N": 0.042413910894717785,
      "force_residual_raw_N": 0.0041575560041880915,
      "force_residual_applied_N": 0.29399860315330073,
      "trial_displacement_residual_m": 4.510026470769111e-08,
      "written_motion_delta_m": 4.510026470769111e-08,
      "checkpoint_request": false,
      "checkpoint_created": false,
      "rollback_request": true,
      "commit_status": "rolled_back",
      "iteration_events": [
        "force_iterate_submitted_to_ancf",
        "ancf_trial_solved_and_scattered",
        "trial_displacement_written_to_precice",
        "precice_advance_completed",
        "requires_reading_checkpoint_true",
        "force_read_at_retry_endpoint_dt",
        "physical_state_rolled_back_trial_retained_as_history"
      ],
      "time_window_complete": false,
      "convergence_status": "retry_required",
      "precice_max_iterations": 20,
      "ancf_newton_iterations": 3,
      "ancf_residual": 9.32296835287616e-08,
      "q_state_hash": "6c55aef657799096dd72d3276e71c23161159bee71ca21bc4ebc9969abe8521b",
      "qdot_state_hash": "5eaf0bc8ff1f984a9f278549e183e6cbede40b4d577cf4487ae1ddb3f8fc1bae",
      "qddot_state_hash": "783fa86e3d94c4ee9c4011145d4c0da0af60db771e2feb5edbceb8e3989be0a3"
    },
    {
      "case_id": "ANCF_SINGLE_SLICE_HIGHRE_0P2S_PREP_V1",
      "window_index": 2,
      "iteration_index": 3,
      "sequence": 6,
      "request_id": 910006,
      "transaction_id": 1910006,
      "transport_ids": {
        "sequence": 6,
        "request_id": 910006,
        "transaction_id": 1910006
      },
      "physical_identity": {
        "global_step": 2,
        "bridge_step": 2,
        "integer_tick": 400000,
        "time_s": 0.0004,
        "dt_s": 0.0002
      },
      "physical_time_s": 30.0004,
      "case_local_time_s": 0.0004,
      "force_source_global_time_s": 30.0004,
      "force_source_kind": "PRECEDING_PRECICE_ADVANCE_ITERATE",
      "force_input_source_global_time_s": 30.0004,
      "force_input_read_offset_s": 0.0002,
      "force_input_source_kind": "PRECEDING_PRECICE_ADVANCE_ITERATE",
      "force_input_vector_raw_N": [
        0.047550810384733785,
        0.042413910894717785,
        0.0
      ],
      "force_input_window_index": 2,
      "force_input_iteration_index": 3,
      "returned_force_source_global_time_s": 30.0004,
      "returned_force_source_kind": "CURRENT_WINDOW_ENDPOINT_RETRY_ITERATE",
      "force_source_time_global_s": 30.0004,
      "force_read_time_s": 0.0002,
      "force_read_offset_s": 0.0002,
      "force_read_source_global_time_s": 30.0004,
      "force_read_source_kind": "CURRENT_WINDOW_ENDPOINT_RETRY_ITERATE",
      "force_source_vector_raw_N": [
        0.050711495072022064,
        0.04531698603284963,
        0.0
      ],
      "force_read_vector_raw_N": [
        0.050711495072022064,
        0.04531698603284963,
        0.0
      ],
      "force_read_window_index": 2,
      "force_read_iteration_index": 3,
      "window_target_global_time_s": 30.0004,
      "dt_s": 0.0002,
      "D_previous_committed_m": [
        1.0452091616563741e-07,
        9.588691723237472e-08,
        0.0004163871573314992
      ],
      "D_trial_from_ancf_m": [
        4.938494307904463e-07,
        4.510928773357099e-07,
        0.0004163880479191029
      ],
      "D_trial_interface_m": [
        4.938494307904463e-07,
        4.510928773357099e-07
      ],
      "D_written_to_precice_m": [
        4.938494307904463e-07,
        4.510928773357099e-07
      ],
      "written_motion_vector_m": [
        [
          4.938494307904463e-07,
          4.510928773357099e-07
        ]
      ],
      "force_input_raw_N": [
        0.047550810384733785,
        0.042413910894717785,
        0.0
      ],
      "force_input_applied_N": [
        3.362521591491889,
        2.999269413269329,
        0.0
      ],
      "Fx_raw_N": 0.047550810384733785,
      "Fy_raw_N": 0.042413910894717785,
      "Fz_raw_N": 0.0,
      "Fx_section_Npm": 1.6982432280262065,
      "Fy_section_Npm": 1.5147825319542065,
      "Fx_applied_N": 3.362521591491889,
      "Fy_applied_N": 2.999269413269329,
      "Fz_applied_N": 0.0,
      "returned_force_raw_N": [
        0.050711495072022064,
        0.04531698603284963,
        0.0
      ],
      "returned_force_applied_N": [
        3.58602715152156,
        3.2045582980372234,
        0.0
      ],
      "Fx_returned_raw_N": 0.050711495072022064,
      "Fy_returned_raw_N": 0.04531698603284963,
      "force_residual_raw_N": 0.0042915932880572254,
      "force_residual_applied_N": 0.3034769539411895,
      "trial_displacement_residual_m": 6.746947870021934e-09,
      "written_motion_delta_m": 6.746947870021934e-09,
      "checkpoint_request": false,
      "checkpoint_created": false,
      "rollback_request": true,
      "commit_status": "rolled_back",
      "iteration_events": [
        "force_iterate_submitted_to_ancf",
        "ancf_trial_solved_and_scattered",
        "trial_displacement_written_to_precice",
        "precice_advance_completed",
        "requires_reading_checkpoint_true",
        "force_read_at_retry_endpoint_dt",
        "physical_state_rolled_back_trial_retained_as_history"
      ],
      "time_window_complete": false,
      "convergence_status": "retry_required",
      "precice_max_iterations": 20,
      "ancf_newton_iterations": 3,
      "ancf_residual": 9.32296835287616e-08,
      "q_state_hash": "ce0461ef2958a93a1ed229fbf53d6a51c2e03aed3c8417463a80abcb23b416d1",
      "qdot_state_hash": "60ce1c13a1d77695744931dad59c908af82da3cfab7007d1bc15cf3024455a17",
      "qddot_state_hash": "833890bdaf4548c0c21d1c452066d51c3aa5fde68efab61c9c8a7d6db68e5ae7"
    },
    {
      "case_id": "ANCF_SINGLE_SLICE_HIGHRE_0P2S_PREP_V1",
      "window_index": 2,
      "iteration_index": 4,
      "sequence": 7,
      "request_id": 910007,
      "transaction_id": 1910007,
      "transport_ids": {
        "sequence": 7,
        "request_id": 910007,
        "transaction_id": 1910007
      },
      "physical_identity": {
        "global_step": 2,
        "bridge_step": 2,
        "integer_tick": 400000,
        "time_s": 0.0004,
        "dt_s": 0.0002
      },
      "physical_time_s": 30.0004,
      "case_local_time_s": 0.0004,
      "force_source_global_time_s": 30.0004,
      "force_source_kind": "PRECEDING_PRECICE_ADVANCE_ITERATE",
      "force_input_source_global_time_s": 30.0004,
      "force_input_read_offset_s": 0.0002,
      "force_input_source_kind": "PRECEDING_PRECICE_ADVANCE_ITERATE",
      "force_input_vector_raw_N": [
        0.050711495072022064,
        0.04531698603284963,
        0.0
      ],
      "force_input_window_index": 2,
      "force_input_iteration_index": 4,
      "returned_force_source_global_time_s": 30.0004,
      "returned_force_source_kind": "CURRENT_WINDOW_ENDPOINT_RETRY_ITERATE",
      "force_source_time_global_s": 30.0004,
      "force_read_time_s": 0.0002,
      "force_read_offset_s": 0.0002,
      "force_read_source_global_time_s": 30.0004,
      "force_read_source_kind": "CURRENT_WINDOW_ENDPOINT_RETRY_ITERATE",
      "force_source_vector_raw_N": [
        0.0657855247642749,
        0.05916241674191073,
        0.0
      ],
      "force_read_vector_raw_N": [
        0.0657855247642749,
        0.05916241674191073,
        0.0
      ],
      "force_read_window_index": 2,
      "force_read_iteration_index": 4,
      "window_target_global_time_s": 30.0004,
      "dt_s": 0.0002,
      "D_previous_committed_m": [
        1.0452091616563741e-07,
        9.588691723237472e-08,
        0.0004163871573314992
      ],
      "D_trial_from_ancf_m": [
        4.989786400656032e-07,
        4.558040337458617e-07,
        0.0004163880479186588
      ],
      "D_trial_interface_m": [
        4.989786400656032e-07,
        4.558040337458617e-07
      ],
      "D_written_to_precice_m": [
        4.989786400656032e-07,
        4.558040337458617e-07
      ],
      "written_motion_vector_m": [
        [
          4.989786400656032e-07,
          4.558040337458617e-07
        ]
      ],
      "force_input_raw_N": [
        0.050711495072022064,
        0.04531698603284963,
        0.0
      ],
      "force_input_applied_N": [
        3.5860271515215603,
        3.204558298037224,
        0.0
      ],
      "Fx_raw_N": 0.050711495072022064,
      "Fy_raw_N": 0.04531698603284963,
      "Fz_raw_N": 0.0,
      "Fx_section_Npm": 1.811124824000788,
      "Fy_section_Npm": 1.6184637868874867,
      "Fx_applied_N": 3.5860271515215603,
      "Fy_applied_N": 3.204558298037224,
      "Fz_applied_N": 0.0,
      "returned_force_raw_N": [
        0.0657855247642749,
        0.05916241674191073,
        0.0
      ],
      "returned_force_applied_N": [
        4.651976394045153,
        4.183628041035115,
        0.0
      ],
      "Fx_returned_raw_N": 0.0657855247642749,
      "Fy_returned_raw_N": 0.05916241674191073,
      "force_residual_raw_N": 0.020467592009866045,
      "force_residual_applied_N": 1.4473511492690987,
      "trial_displacement_residual_m": 6.9644657016363915e-09,
      "written_motion_delta_m": 6.9644657016363915e-09,
      "checkpoint_request": false,
      "checkpoint_created": false,
      "rollback_request": true,
      "commit_status": "rolled_back",
      "iteration_events": [
        "force_iterate_submitted_to_ancf",
        "ancf_trial_solved_and_scattered",
        "trial_displacement_written_to_precice",
        "precice_advance_completed",
        "requires_reading_checkpoint_true",
        "force_read_at_retry_endpoint_dt",
        "physical_state_rolled_back_trial_retained_as_history"
      ],
      "time_window_complete": false,
      "convergence_status": "retry_required",
      "precice_max_iterations": 20,
      "ancf_newton_iterations": 3,
      "ancf_residual": 9.32296835287616e-08,
      "q_state_hash": "cf8fa1f115953390ca6a6a9a581d227510159255963ae98fff7bc8e3e6f2fc03",
      "qdot_state_hash": "f16e209e5b29bbaffd9df74736aa994996f949d3345919a092b7aa08563ce2bd",
      "qddot_state_hash": "d14d5a84f546dd60db8231ebb3947499d7ac83ba14d1cc05dcdc4d5b74ebab9b"
    },
    {
      "case_id": "ANCF_SINGLE_SLICE_HIGHRE_0P2S_PREP_V1",
      "window_index": 2,
      "iteration_index": 5,
      "sequence": 8,
      "request_id": 910008,
      "transaction_id": 1910008,
      "transport_ids": {
        "sequence": 8,
        "request_id": 910008,
        "transaction_id": 1910008
      },
      "physical_identity": {
        "global_step": 2,
        "bridge_step": 2,
        "integer_tick": 400000,
        "time_s": 0.0004,
        "dt_s": 0.0002
      },
      "physical_time_s": 30.0004,
      "case_local_time_s": 0.0004,
      "force_source_global_time_s": 30.0004,
      "force_source_kind": "PRECEDING_PRECICE_ADVANCE_ITERATE",
      "force_input_source_global_time_s": 30.0004,
      "force_input_read_offset_s": 0.0002,
      "force_input_source_kind": "PRECEDING_PRECICE_ADVANCE_ITERATE",
      "force_input_vector_raw_N": [
        0.0657855247642749,
        0.05916241674191073,
        0.0
      ],
      "force_input_window_index": 2,
      "force_input_iteration_index": 5,
      "returned_force_source_global_time_s": 30.0004,
      "returned_force_source_kind": "ACCEPTED_WINDOW_BOUNDARY_FORCE",
      "force_source_time_global_s": 30.0004,
      "force_read_time_s": 0.0,
      "force_read_offset_s": 0.0,
      "force_read_source_global_time_s": 30.0004,
      "force_read_source_kind": "ACCEPTED_WINDOW_BOUNDARY_FORCE",
      "force_source_vector_raw_N": [
        0.0657855247642749,
        0.05916241674191073,
        0.0
      ],
      "force_read_vector_raw_N": [
        0.0657855247642749,
        0.05916241674191073,
        0.0
      ],
      "force_read_window_index": 2,
      "force_read_iteration_index": 5,
      "window_target_global_time_s": 30.0004,
      "dt_s": 0.0002,
      "D_previous_committed_m": [
        1.0452091616563741e-07,
        9.588691723237472e-08,
        0.0004163871573314992
      ],
      "D_trial_from_ancf_m": [
        5.234410146967068e-07,
        4.782726184474148e-07,
        0.0004163880479186588
      ],
      "D_trial_interface_m": [
        5.234410146967068e-07,
        4.782726184474148e-07
      ],
      "D_written_to_precice_m": [
        5.234410146967068e-07,
        4.782726184474148e-07
      ],
      "written_motion_vector_m": [
        [
          5.234410146967068e-07,
          4.782726184474148e-07
        ]
      ],
      "force_input_raw_N": [
        0.0657855247642749,
        0.05916241674191073,
        0.0
      ],
      "force_input_applied_N": [
        4.651976394045154,
        4.183628041035116,
        0.0
      ],
      "Fx_raw_N": 0.0657855247642749,
      "Fy_raw_N": 0.05916241674191073,
      "Fz_raw_N": 0.0,
      "Fx_section_Npm": 2.3494830272955323,
      "Fy_section_Npm": 2.1129434550682404,
      "Fx_applied_N": 4.651976394045154,
      "Fy_applied_N": 4.183628041035116,
      "Fz_applied_N": 0.0,
      "returned_force_raw_N": [
        0.0657855247642749,
        0.05916241674191073,
        0.0
      ],
      "returned_force_applied_N": [
        4.651976394045153,
        4.183628041035115,
        0.0
      ],
      "Fx_returned_raw_N": 0.0657855247642749,
      "Fy_returned_raw_N": 0.05916241674191073,
      "force_residual_raw_N": 0.0,
      "force_residual_applied_N": 0.0,
      "trial_displacement_residual_m": 3.3215133163715126e-08,
      "written_motion_delta_m": 3.3215133163715126e-08,
      "checkpoint_request": false,
      "checkpoint_created": false,
      "rollback_request": false,
      "commit_status": "committed",
      "iteration_events": [
        "force_iterate_submitted_to_ancf",
        "ancf_trial_solved_and_scattered",
        "trial_displacement_written_to_precice",
        "precice_advance_completed",
        "requires_reading_checkpoint_false",
        "force_read_at_accepted_window_start_zero",
        "accepted_trial_committed"
      ],
      "time_window_complete": true,
      "convergence_status": "accepted_by_precice_before_iteration_limit",
      "precice_max_iterations": 20,
      "ancf_newton_iterations": 3,
      "ancf_residual": 9.32296835287616e-08,
      "q_state_hash": "3a39e9e527d42b1093b6b17161b5872a9e484d9d83739f2a2406d6f7f2896bf6",
      "qdot_state_hash": "db6892d1f0f16c43a54746ac078d912e8f0997447194dc35c3279d036d52be21",
      "qddot_state_hash": "95ac8b9468a29d358084d2520b186c6ecb141af8e5e07db37a2740110f1aba71"
    }
  ],
  "manifest_sha256": "ff922b0bff8ab2e342d8048ff53207d15cfe92f96c1ee5d2972b4341d385e1b5"
}
